Test cases for ``7-base_geometry`` module
==============================

>>> BaseGeometry = __import__('7-base_geometry').BaseGeometry
>>> bg = BaseGeometry()
>>> bg.area()
Traceback (most recent call last):
            ...
Exception: area() is not implemented
>>> bg = BaseGeometry()
>>> bg.integer_validator("name", 5)
>>> bg.integer_validator("name", "5")
Traceback (most recent call last):
            ...
TypeError: name must be an integer
>>> bg.integer_validator("name", -5)
Traceback (most recent call last):
            ...
ValueError: name must be greater than 0
>>> bg.integer_validator("name", False)
Traceback (most recent call last):
            ...
TypeError: name must be an integer
>>> bg.integer_validator("name", 0)
Traceback (most recent call last):
            ...
ValueError: name must be greater than 0
>>> bg.integer_validator("name")
Traceback (most recent call last):
            ...
TypeError: BaseGeometry.integer_validator() missing 1 required positional argument: 'value'
>>> bg.integer_validator("name", 5, 7)
Traceback (most recent call last):
            ...
TypeError: BaseGeometry.integer_validator() takes 3 positional arguments but 4 were given
>>> bg.integer_validator("name", (4,))
Traceback (most recent call last):
            ...
TypeError: name must be an integer
>>> bg.integer_validator("name", [4])
Traceback (most recent call last):
            ...
TypeError: name must be an integer
>>> bg.area(5)
Traceback (most recent call last):
            ...
TypeError: BaseGeometry.area() takes 1 positional argument but 2 were given
>>> bg.area(9, 4)
Traceback (most recent call last):
            ...
TypeError: BaseGeometry.area() takes 1 positional argument but 3 were given
>>> bg.integer_validator("name", None)
Traceback (most recent call last):
            ...
TypeError: name must be an integer
>>> bg.integer_validator("name", {6, 3})
Traceback (most recent call last):
            ...
TypeError: name must be an integer
>>> bg.integer_validator()
Traceback (most recent call last):
            ...
TypeError: BaseGeometry.integer_validator() missing 2 required positional arguments: 'name' and 'value'